
A T O M   T Y P E S

IDX	TYPE	RING
1	C_3	NO
2	O_2	NO
3	C_R	AR
4	C_R	AR
5	C_R	AR
6	C_R	AR
7	C_R	AR
8	C_R	AR
9	N_R	AR
10	C_R	AR
11	N_R	AR
12	S_3+2	NO
13	O_2	NO
14	C_3	NO
15	C_R	AR
16	N_R	AR
17	C_R	AR
18	C_R	AR
19	C_3	NO
20	C_R	AR
21	O_2	NO
22	C_3	NO
23	C_R	AR
24	C_3	NO
25	H_	NO
26	H_	NO
27	H_	NO
28	H_	NO
29	H_	NO
30	H_	NO
31	H_	NO
32	H_	NO
33	H_	NO
34	H_	NO
35	H_	NO
36	H_	NO
37	H_	NO
38	H_	NO
39	H_	NO
40	H_	NO
41	H_	NO
42	H_	NO
43	H_	NO

S E T T I N G   U P   C A L C U L A T I O N S

SETTING UP BOND CALCULATIONS...
SETTING UP ANGLE CALCULATIONS...
SETTING UP TORSION CALCULATIONS...
SETTING UP OOP CALCULATIONS...
SETTING UP VAN DER WAALS CALCULATIONS...

S T E E P E S T   D E S C E N T

STEPS = 19000

STEP n       E(n)         E(n-1)    
------------------------------------
    0     681.861      ----
   10    506.94024    509.43140
   20    491.25735    492.37890
   30    482.65135    483.35574
   40    476.81209    477.31677
   50    472.47580    472.86019
   60    469.10941    469.41209
   70    466.42474    466.66857
   80    464.23967    464.43982
   90    462.42913    462.59628
  100    460.90352    461.04542
  110    459.59724    459.71961
  120    458.46168    458.56877
  130    457.46049    457.55548
  140    456.56629    456.65160
  150    455.75838    455.83583
  160    455.02093    455.09193
  170    454.34182    454.40745
  180    453.71168    453.77276
  190    453.12318    453.18037
  200    452.57055    452.62438
  210    452.04922    452.10009
  220    451.55549    451.60374
  230    451.08636    451.13228
  240    450.63937    450.68317
  250    450.21245    450.25432
  260    449.80386    449.84396
  270    449.41211    449.45059
  280    449.03592    449.07290
  290    448.67417    448.70975
  300    448.32586    448.36014
  310    447.99012    448.02318
  320    447.66616    447.69807
  330    447.35327    447.38410
  340    447.05080    447.08061
  350    446.75815    446.78701
  360    446.47481    446.50276
  370    446.20026    446.22735
  380    445.93405    445.96032
  390    445.67575    445.70125
  400    445.42498    445.44975
  410    445.18138    445.20544
  420    444.94459    444.96799
  430    444.71432    444.73707
  440    444.49025    444.51240
  450    444.27212    444.29368
  460    444.05966    444.08068
  470    443.85265    443.87312
  480    443.65083    443.67080
  490    443.45402    443.47349
  500    443.26200    443.28100
  510    443.07458    443.09313
  520    442.89160    442.90972
  530    442.71288    442.73057
  540    442.53826    442.55556
  550    442.36761    442.38451
  560    442.20077    442.21729
  570    442.03761    442.05377
  580    441.87800    441.89382
  590    441.72184    441.73731
  600    441.56899    441.58414
  610    441.41935    441.43418
  620    441.27281    441.28734
  630    441.12928    441.14351
  640    440.98866    441.00260
  650    440.85086    440.86452
  660    440.71579    440.72919
  670    440.58338    440.59651
  680    440.45355    440.46643
  690    440.32621    440.33885
  700    440.20131    440.21370
  710    440.07876    440.09092
  720    439.95850    439.97043
  730    439.84047    439.85218
  740    439.72460    439.73610
  750    439.61083    439.62213
  760    439.49912    439.51021
  770    439.38940    439.40029
  780    439.28162    439.29232
  790    439.17572    439.18623
  800    439.07165    439.08198
  810    438.96936    438.97952
  820    438.86881    438.87879
  830    438.76994    438.77976
  840    438.67272    438.68238
  850    438.57710    438.58660
  860    438.48305    438.49239
  870    438.39052    438.39971
  880    438.29947    438.30851
  890    438.20985    438.21876
  900    438.12165    438.13041
  910    438.03481    438.04344
  920    437.94931    437.95781
  930    437.86512    437.87349
  940    437.78218    437.79042
  950    437.70048    437.70860
  960    437.61999    437.62799
  970    437.54066    437.54855
  980    437.46248    437.47025
  990    437.38540    437.39307
 1000    437.30941    437.31697
 1010    437.23447    437.24193
 1020    437.16057    437.16792
 1030    437.08769    437.09494
 1040    437.01576    437.02292
 1050    436.94477    436.95184
 1060    436.87472    436.88169
 1070    436.80555    436.81243
 1080    436.73726    436.74406
 1090    436.66983    436.67654
 1100    436.60323    436.60986
 1110    436.53742    436.54397
 1120    436.47239    436.47886
 1130    436.40813    436.41452
 1140    436.34463    436.35095
 1150    436.28187    436.28812
 1160    436.21981    436.22599
 1170    436.15843    436.16455
 1180    436.09771    436.10376
 1190    436.03763    436.04361
 1200    435.97814    435.98407
 1210    435.91923    435.92510
 1220    435.86088    435.86669
 1230    435.80306    435.80882
 1240    435.74575    435.75147
 1250    435.68895    435.69461
 1260    435.63266    435.63827
 1270    435.57684    435.58241
 1280    435.52145    435.52697
 1290    435.46648    435.47197
 1300    435.41186    435.41731
 1310    435.35760    435.36301
 1320    435.30370    435.30908
 1330    435.25011    435.25546
 1340    435.19680    435.20213
 1350    435.14378    435.14907
 1360    435.09107    435.09634
 1370    435.03864    435.04388
 1380    434.98642    434.99164
 1390    434.93440    434.93960
 1400    434.88262    434.88779
 1410    434.83103    434.83619
 1420    434.77957    434.78471
 1430    434.72818    434.73332
 1440    434.67688    434.68201
 1450    434.62568    434.63081
 1460    434.57444    434.57958
 1470    434.52316    434.52830
 1480    434.47181    434.47696
 1490    434.42028    434.42545
 1500    434.36852    434.37371
 1510    434.31657    434.32179
 1520    434.26434    434.26958
 1530    434.21219    434.21732
 1540    434.16910    434.17249
 1550    434.13720    434.14035
 1560    434.10586    434.10899
 1570    434.07457    434.07770
 1580    434.04336    434.04648
 1590    434.01222    434.01534
 1600    433.98113    433.98424
 1610    433.95005    433.95316
 1620    433.91898    433.92209
 1630    433.88791    433.89102
 1640    433.85681    433.85993
 1650    433.82572    433.82883
 1660    433.79463    433.79775
 1670    433.76351    433.76663
 1680    433.73237    433.73549
 1690    433.70125    433.70437
 1700    433.67008    433.67320
 1710    433.63888    433.64200
 1720    433.60768    433.61081
 1730    433.57639    433.57953
 1740    433.54500    433.54814
 1750    433.51350    433.51667
 1760    433.48182    433.48500
 1770    433.44997    433.45318
 1780    433.41786    433.42109
 1790    433.38557    433.38882
 1800    433.35306    433.35632
 1810    433.32034    433.32363
 1820    433.28730    433.29062
 1830    433.25405    433.25738
 1840    433.22061    433.22398
 1850    433.18674    433.19014
 1860    433.15258    433.15602
 1870    433.11801    433.12146
 1880    433.08780    433.09017
 1890    433.06632    433.06842
 1900    433.04540    433.04749
 1910    433.02446    433.02656
 1920    433.00352    433.00561
 1930    432.98251    432.98461
 1940    432.96151    432.96361
 1950    432.94052    432.94263
 1960    432.91946    432.92158
 1970    432.89827    432.90040
 1980    432.87701    432.87914
 1990    432.85570    432.85783
 2000    432.83422    432.83638
 2010    432.81257    432.81474
 2020    432.79075    432.79294
 2030    432.76889    432.77108
 2040    432.74697    432.74917
 2050    432.72489    432.72711
 2060    432.70271    432.70494
 2070    432.68040    432.68264
 2080    432.65799    432.66023
 2090    432.63546    432.63773
 2100    432.61283    432.61510
 2110    432.59005    432.59233
 2120    432.56704    432.56935
 2130    432.54380    432.54614
 2140    432.52035    432.52271
 2150    432.49664    432.49903
 2160    432.47263    432.47505
 2170    432.44849    432.45091
 2180    432.42412    432.42657
 2190    432.39951    432.40198
 2200    432.37459    432.37711
 2210    432.34924    432.35180
 2220    432.32343    432.32604
 2230    432.29708    432.29975
 2240    432.27048    432.27307
 2250    432.24884    432.25063
 2260    432.23146    432.23318
 2270    432.21413    432.21587
 2280    432.19663    432.19839
 2290    432.17904    432.18081
 2300    432.16132    432.16309
 2310    432.14355    432.14533
 2320    432.12571    432.12750
 2330    432.10770    432.10951
 2340    432.08953    432.09135
 2350    432.07122    432.07306
 2360    432.05282    432.05467
 2370    432.03422    432.03609
 2380    432.01544    432.01733
 2390    431.99654    431.99843
 2400    431.97757    431.97947
 2410    431.95852    431.96044
 2420    431.93926    431.94119
 2430    431.91979    431.92175
 2440    431.90005    431.90205
 2450    431.88011    431.88211
 2460    431.85996    431.86199
 2470    431.83957    431.84163
 2480    431.81891    431.82100
 2490    431.79794    431.80005
 2500    431.77674    431.77887
 2510    431.75529    431.75746
 2520    431.73340    431.73561
 2530    431.71109    431.71333
 2540    431.68846    431.69074
 2550    431.66555    431.66787
 2560    431.64220    431.64455
 2570    431.61856    431.62093
 2580    431.59690    431.59873
 2590    431.58052    431.58210
 2600    431.56479    431.56636
 2610    431.54899    431.55058
 2620    431.53311    431.53471
 2630    431.51714    431.51874
 2640    431.50108    431.50269
 2650    431.48491    431.48653
 2660    431.46867    431.47031
 2670    431.45221    431.45387
 2680    431.43550    431.43719
 2690    431.41857    431.42027
 2700    431.40151    431.40322
 2710    431.38422    431.38597
 2720    431.36668    431.36844
 2730    431.34893    431.35072
 2740    431.33091    431.33273
 2750    431.31266    431.31450
 2760    431.29425    431.29610
 2770    431.27559    431.27747
 2780    431.25660    431.25851
 2790    431.23734    431.23928
 2800    431.21783    431.21979
 2810    431.19805    431.20004
 2820    431.17807    431.18009
 2830    431.15774    431.15979
 2840    431.13711    431.13920
 2850    431.11613    431.11824
 2860    431.09479    431.09694
 2870    431.07306    431.07524
 2880    431.05106    431.05326
 2890    431.02999    431.03188
 2900    431.01363    431.01516
 2910    430.99848    431.00000
 2920    430.98325    430.98478
 2930    430.96782    430.96937
 2940    430.95237    430.95392
 2950    430.93681    430.93837
 2960    430.92111    430.92268
 2970    430.90528    430.90688
 2980    430.88935    430.89095
 2990    430.87321    430.87483
 3000    430.85682    430.85847
 3010    430.84021    430.84189
 3020    430.82339    430.82508
 3030    430.80647    430.80816
 3040    430.78947    430.79119
 3050    430.77223    430.77396
 3060    430.75483    430.75659
 3070    430.73717    430.73895
 3080    430.71937    430.72115
 3090    430.70141    430.70322
 3100    430.68331    430.68513
 3110    430.66484    430.66671
 3120    430.64597    430.64787
 3130    430.62682    430.62875
 3140    430.60740    430.60935
 3150    430.58778    430.58974
 3160    430.56799    430.56998
 3170    430.54788    430.54991
 3180    430.52743    430.52948
 3190    430.50680    430.50888
 3200    430.48580    430.48791
 3210    430.46607    430.46780
 3220    430.45063    430.45211
 3230    430.43590    430.43738
 3240    430.42109    430.42258
 3250    430.40614    430.40764
 3260    430.39098    430.39251
 3270    430.37564    430.37719
 3280    430.36013    430.36169
 3290    430.34436    430.34594
 3300    430.32836    430.32997
 3310    430.31221    430.31383
 3320    430.29592    430.29757
 3330    430.27945    430.28111
 3340    430.26276    430.26445
 3350    430.24578    430.24750
 3360    430.22855    430.23028
 3370    430.21113    430.21289
 3380    430.19362    430.19537
 3390    430.17590    430.17769
 3400    430.15786    430.15969
 3410    430.13957    430.14141
 3420    430.12104    430.12290
 3430    430.10237    430.10425
 3440    430.08338    430.08530
 3450    430.06404    430.06599
 3460    430.04452    430.04647
 3470    430.02473    430.02673
 3480    430.00450    430.00655
 3490    429.98409    429.98613
 3500    429.96355    429.96558
 3510    429.94563    429.94716
 3520    429.93109    429.93252
 3530    429.91672    429.91817
 3540    429.90219    429.90365
 3550    429.88756    429.88903
 3560    429.87274    429.87423
 3570    429.85768    429.85919
 3580    429.84249    429.84402
 3590    429.82715    429.82870
 3600    429.81165    429.81320
 3610    429.79604    429.79761
 3620    429.78014    429.78174
 3630    429.76406    429.76568
 3640    429.74773    429.74938
 3650    429.73110    429.73278
 3660    429.71415    429.71585
 3670    429.69694    429.69868
 3680    429.67949    429.68124
 3690    429.66190    429.66367
 3700    429.64396    429.64577
 3710    429.62577    429.62761
 3720    429.60735    429.60920
 3730    429.58884    429.59070
 3740    429.57004    429.57194
 3750    429.55083    429.55277
 3760    429.53129    429.53326
 3770    429.51147    429.51347
 3780    429.49118    429.49324
 3790    429.47068    429.47268
 3800    429.45339    429.45485
 3810    429.43943    429.44082
 3820    429.42557    429.42696
 3830    429.41172    429.41311
 3840    429.39778    429.39918
 3850    429.38371    429.38512
 3860    429.36950    429.37093
 3870    429.35518    429.35660
 3880    429.34094    429.34237
 3890    429.32660    429.32805
 3900    429.31201    429.31348
 3910    429.29730    429.29878
 3920    429.28250    429.28398
 3930    429.26761    429.26911
 3940    429.25245    429.25398
 3950    429.23715    429.23868
 3960    429.22179    429.22333
 3970    429.20644    429.20798
 3980    429.19088    429.19246
 3990    429.17506    429.17665
 4000    429.15911    429.16071
 4010    429.14297    429.14460
 4020    429.12668    429.12832
 4030    429.11020    429.11186
 4040    429.09366    429.09532
 4050    429.07698    429.07866
 4060    429.06000    429.06171
 4070    429.04272    429.04447
 4080    429.02515    429.02692
 4090    429.00718    429.00899
 4100    428.98891    428.99075
 4110    428.97048    428.97234
 4120    428.95180    428.95368
 4130    428.93277    428.93469
 4140    428.91337    428.91533
 4150    428.89384    428.89580
 4160    428.87417    428.87613
 4170    428.85659    428.85809
 4180    428.84276    428.84411
 4190    428.82929    428.83063
 4200    428.81583    428.81719
 4210    428.80218    428.80356
 4220    428.78835    428.78974
 4230    428.77438    428.77578
 4240    428.76027    428.76170
 4250    428.74595    428.74738
 4260    428.73153    428.73298
 4270    428.71698    428.71845
 4280    428.70227    428.70375
 4290    428.68740    428.68890
 4300    428.67233    428.67384
 4310    428.65715    428.65868
 4320    428.64175    428.64329
 4330    428.62618    428.62774
 4340    428.61045    428.61203
 4350    428.59459    428.59619
 4360    428.57856    428.58017
 4370    428.56227    428.56392
 4380    428.54562    428.54730
 4390    428.52862    428.53035
 4400    428.51129    428.51304
 4410    428.49351    428.49531
 4420    428.47542    428.47724
 4430    428.45709    428.45894
 4440    428.43838    428.44026
 4450    428.41939    428.42130
 4460    428.40024    428.40216
 4470    428.38138    428.38320
 4480    428.36570    428.36707
 4490    428.35252    428.35383
 4500    428.33936    428.34067
 4510    428.32613    428.32746
 4520    428.31276    428.31411
 4530    428.29929    428.30064
 4540    428.28580    428.28716
 4550    428.27219    428.27356
 4560    428.25846    428.25985
 4570    428.24454    428.24593
 4580    428.23045    428.23187
 4590    428.21623    428.21766
 4600    428.20182    428.20328
 4610    428.18717    428.18865
 4620    428.17236    428.17384
 4630    428.15745    428.15895
 4640    428.14244    428.14395
 4650    428.12717    428.12872
 4660    428.11162    428.11320
 4670    428.09572    428.09732
 4680    428.07965    428.08127
 4690    428.06336    428.06499
 4700    428.04692    428.04856
 4710    428.03043    428.03208
 4720    428.01395    428.01560
 4730    427.99738    427.99905
 4740    427.98053    427.98223
 4750    427.96343    427.96515
 4760    427.94616    427.94789
 4770    427.92874    427.93050
 4780    427.91098    427.91277
 4790    427.89301    427.89480
 4800    427.87659    427.87802
 4810    427.86342    427.86470
 4820    427.85068    427.85196
 4830    427.83783    427.83913
 4840    427.82483    427.82614
 4850    427.81169    427.81301
 4860    427.79847    427.79980
 4870    427.78504    427.78639
 4880    427.77141    427.77279
 4890    427.75752    427.75892
 4900    427.74345    427.74486
 4910    427.72927    427.73070
 4920    427.71499    427.71642
 4930    427.70059    427.70203
 4940    427.68616    427.68761
 4950    427.67168    427.67313
 4960    427.65708    427.65855
 4970    427.64242    427.64390
 4980    427.62765    427.62913
 4990    427.61274    427.61424
 5000    427.59759    427.59912
 5010    427.58219    427.58375
 5020    427.56641    427.56801
 5030    427.55026    427.55188
 5040    427.53398    427.53561
 5050    427.51749    427.51916
 5060    427.50081    427.50247
 5070    427.48399    427.48568
 5080    427.46684    427.46858
 5090    427.44925    427.45102
 5100    427.43133    427.43314
 5110    427.41355    427.41524
 5120    427.39955    427.40076
 5130    427.38764    427.38883
 5140    427.37576    427.37695
 5150    427.36384    427.36504
 5160    427.35182    427.35303
 5170    427.33968    427.34090
 5180    427.32735    427.32859
 5190    427.31487    427.31613
 5200    427.30219    427.30347
 5210    427.28939    427.29068
 5220    427.27641    427.27771
 5230    427.26333    427.26465
 5240    427.25007    427.25140
 5250    427.23664    427.23800
 5260    427.22298    427.22435
 5270    427.20915    427.21054
 5280    427.19513    427.19654
 5290    427.18091    427.18234
 5300    427.16653    427.16797
 5310    427.15202    427.15348
 5320    427.13733    427.13881
 5330    427.12244    427.12395
 5340    427.10715    427.10870
 5350    427.09157    427.09314
 5360    427.07569    427.07729
 5370    427.05952    427.06115
 5380    427.04321    427.04485
 5390    427.02670    427.02835
 5400    427.01003    427.01171
 5410    426.99316    426.99486
 5420    426.97688    426.97838
 5430    426.96397    426.96515
 5440    426.95232    426.95349
 5450    426.94069    426.94185
 5460    426.92897    426.93015
 5470    426.91709    426.91829
 5480    426.90507    426.90628
 5490    426.89297    426.89419
 5500    426.88081    426.88203
 5510    426.86867    426.86989
 5520    426.85648    426.85771
 5530    426.84423    426.84546
 5540    426.83186    426.83311
 5550    426.81935    426.82061
 5560    426.80664    426.80792
 5570    426.79377    426.79506
 5580    426.78081    426.78211
 5590    426.76769    426.76902
 5600    426.75428    426.75564
 5610    426.74061    426.74198
 5620    426.72685    426.72824
 5630    426.71281    426.71423
 5640    426.69847    426.69992
 5650    426.68401    426.68546
 5660    426.66945    426.67092
 5670    426.65460    426.65609
 5680    426.63949    426.64102
 5690    426.62407    426.62563
 5700    426.60850    426.61006
 5710    426.59271    426.59431
 5720    426.57657    426.57820
 5730    426.56027    426.56190
 5740    426.54453    426.54595
 5750    426.53255    426.53366
 5760    426.52155    426.52266
 5770    426.51050    426.51161
 5780    426.49936    426.50048
 5790    426.48810    426.48924
 5800    426.47671    426.47785
 5810    426.46517    426.46633
 5820    426.45352    426.45470
 5830    426.44171    426.44290
 5840    426.42976    426.43096
 5850    426.41760    426.41883
 5860    426.40530    426.40653
 5870    426.39282    426.39408
 5880    426.38009    426.38137
 5890    426.36719    426.36849
 5900    426.35411    426.35542
 5910    426.34093    426.34225
 5920    426.32763    426.32898
 5930    426.31407    426.31544
 5940    426.30033    426.30172
 5950    426.28632    426.28773
 5960    426.27205    426.27350
 5970    426.25766    426.25912
 5980    426.24305    426.24453
 5990    426.22817    426.22966
 6000    426.21312    426.21464
 6010    426.19778    426.19932
 6020    426.18277    426.18416
 6030    426.17086    426.17194
 6040    426.16019    426.16126
 6050    426.14945    426.15053
 6060    426.13855    426.13964
 6070    426.12758    426.12868
 6080    426.11652    426.11763
 6090    426.10533    426.10646
 6100    426.09397    426.09511
 6110    426.08246    426.08362
 6120    426.07078    426.07194
 6130    426.05911    426.06028
 6140    426.04732    426.04851
 6150    426.03538    426.03658
 6160    426.02332    426.02454
 6170    426.01115    426.01238
 6180    425.99894    426.00016
 6190    425.98665    425.98789
 6200    425.97419    425.97545
 6210    425.96162    425.96288
 6220    425.94884    425.95013
 6230    425.93574    425.93707
 6240    425.92233    425.92369
 6250    425.90858    425.90997
 6260    425.89450    425.89591
 6270    425.88017    425.88162
 6280    425.86574    425.86719
 6290    425.85106    425.85255
 6300    425.83628    425.83774
 6310    425.82334    425.82442
 6320    425.81321    425.81421
 6330    425.80321    425.80421
 6340    425.79310    425.79411
 6350    425.78289    425.78391
 6360    425.77262    425.77366
 6370    425.76232    425.76335
 6380    425.75189    425.75294
 6390    425.74133    425.74239
 6400    425.73065    425.73172
 6410    425.71987    425.72095
 6420    425.70898    425.71008
 6430    425.69793    425.69904
 6440    425.68667    425.68780
 6450    425.67523    425.67638
 6460    425.66363    425.66480
 6470    425.65189    425.65307
 6480    425.63996    425.64117
 6490    425.62784    425.62907
 6500    425.61551    425.61674
 6510    425.60309    425.60434
 6520    425.59069    425.59192
 6530    425.57821    425.57948
 6540    425.56555    425.56683
 6550    425.55276    425.55404
 6560    425.53981    425.54112
 6570    425.52653    425.52787
 6580    425.51295    425.51432
 6590    425.49907    425.50047
 6600    425.48508    425.48647
 6610    425.47276    425.47380
 6620    425.46308    425.46403
 6630    425.45350    425.45447
 6640    425.44379    425.44477
 6650    425.43394    425.43493
 6660    425.42401    425.42501
 6670    425.41393    425.41494
 6680    425.40376    425.40478
 6690    425.39342    425.39446
 6700    425.38290    425.38396
 6710    425.37219    425.37328
 6720    425.36128    425.36238
 6730    425.35024    425.35135
 6740    425.33903    425.34016
 6750    425.32769    425.32884
 6760    425.31613    425.31730
 6770    425.30436    425.30555
 6780    425.29235    425.29357
 6790    425.28012    425.28135
 6800    425.26770    425.26895
 6810    425.25514    425.25640
 6820    425.24238    425.24367
 6830    425.22943    425.23073
 6840    425.21645    425.21774
 6850    425.20341    425.20473
 6860    425.19027    425.19156
 6870    425.17855    425.17957
 6880    425.16909    425.17001
 6890    425.15988    425.16081
 6900    425.15056    425.15150
 6910    425.14111    425.14206
 6920    425.13155    425.13251
 6930    425.12191    425.12288
 6940    425.11214    425.11312
 6950    425.10220    425.10320
 6960    425.09222    425.09322
 6970    425.08219    425.08320
 6980    425.07201    425.07304
 6990    425.06166    425.06270
 7000    425.05115    425.05221
 7010    425.04057    425.04164
 7020    425.02987    425.03095
 7030    425.01899    425.02009
 7040    425.00791    425.00902
 7050    424.99676    424.99789
 7060    424.98539    424.98654
 7070    424.97385    424.97502
 7080    424.96206    424.96325
 7090    424.95010    424.95130
 7100    424.93796    424.93919
 7110    424.92549    424.92676
 7120    424.91282    424.91409
 7130    424.90073    424.90179
 7140    424.89156    424.89241
 7150    424.88302    424.88387
 7160    424.87437    424.87524
 7170    424.86564    424.86652
 7180    424.85682    424.85771
 7190    424.84794    424.84883
 7200    424.83894    424.83985
 7210    424.82981    424.83073
 7220    424.82053    424.82146
 7230    424.81112    424.81206
 7240    424.80162    424.80258
 7250    424.79195    424.79292
 7260    424.78211    424.78310
 7270    424.77207    424.77309
 7280    424.76192    424.76295
 7290    424.75169    424.75271
 7300    424.74137    424.74241
 7310    424.73087    424.73192
 7320    424.72025    424.72132
 7330    424.70938    424.71048
 7340    424.69829    424.69941
 7350    424.68697    424.68811
 7360    424.67541    424.67659
 7370    424.66355    424.66475
 7380    424.65139    424.65262
 7390    424.63896    424.64021
 7400    424.62737    424.62833
 7410    424.61904    424.61984
 7420    424.61108    424.61189
 7430    424.60305    424.60386
 7440    424.59493    424.59574
 7450    424.58669    424.58752
 7460    424.57834    424.57918
 7470    424.56986    424.57071
 7480    424.56125    424.56212
 7490    424.55251    424.55339
 7500    424.54367    424.54456
 7510    424.53472    424.53562
 7520    424.52563    424.52654
 7530    424.51643    424.51736
 7540    424.50706    424.50801
 7550    424.49754    424.49850
 7560    424.48784    424.48882
 7570    424.47795    424.47894
 7580    424.46801    424.46900
 7590    424.45796    424.45897
 7600    424.44771    424.44874
 7610    424.43732    424.43836
 7620    424.42684    424.42790
 7630    424.41622    424.41729
 7640    424.40544    424.40653
 7650    424.39447    424.39557
 7660    424.38339    424.38451
 7670    424.37201    424.37316
 7680    424.36043    424.36158
 7690    424.35039    424.35121
 7700    424.34278    424.34352
 7710    424.33526    424.33601
 7720    424.32765    424.32841
 7730    424.31996    424.32073
 7740    424.31220    424.31298
 7750    424.30436    424.30515
 7760    424.29639    424.29720
 7770    424.28831    424.28913
 7780    424.28011    424.28093
 7790    424.27181    424.27265
 7800    424.26340    424.26425
 7810    424.25485    424.25571
 7820    424.24616    424.24703
 7830    424.23732    424.23821
 7840    424.22831    424.22922
 7850    424.21913    424.22006
 7860    424.20975    424.21069
 7870    424.20016    424.20113
 7880    424.19035    424.19134
 7890    424.18030    424.18132
 7900    424.17000    424.17104
 7910    424.15943    424.16049
 7920    424.14865    424.14975
 7930    424.13756    424.13869
 7940    424.12614    424.12730
 7950    424.11486    424.11585
 7960    424.10725    424.10793
 7970    424.10042    424.10111
 7980    424.09352    424.09421
 7990    424.08654    424.08724
 8000    424.07948    424.08019
 8010    424.07238    424.07309
 8020    424.06527    424.06599
 8030    424.05808    424.05880
 8040    424.05079    424.05153
 8050    424.04342    424.04416
 8060    424.03597    424.03672
 8070    424.02840    424.02916
 8080    424.02074    424.02151
 8090    424.01295    424.01374
 8100    424.00504    424.00584
 8110    423.99704    423.99785
 8120    423.98892    423.98974
 8130    423.98066    423.98149
 8140    423.97232    423.97316
 8150    423.96391    423.96476
 8160    423.95538    423.95624
 8170    423.94672    423.94759
 8180    423.93791    423.93880
 8190    423.92891    423.92982
 8200    423.91971    423.92064
 8210    423.91038    423.91132
 8220    423.90082    423.90179
 8230    423.89103    423.89202
 8240    423.88101    423.88203
 8250    423.87080    423.87182
 8260    423.86044    423.86148
 8270    423.85101    423.85178
 8280    423.84424    423.84490
 8290    423.83764    423.83830
 8300    423.83096    423.83163
 8310    423.82422    423.82490
 8320    423.81741    423.81809
 8330    423.81050    423.81119
 8340    423.80350    423.80421
 8350    423.79642    423.79713
 8360    423.78923    423.78995
 8370    423.78194    423.78267
 8380    423.77456    423.77531
 8390    423.76707    423.76782
 8400    423.75948    423.76025
 8410    423.75178    423.75256
 8420    423.74394    423.74474
 8430    423.73596    423.73677
 8440    423.72785    423.72867
 8450    423.71960    423.72043
 8460    423.71119    423.71204
 8470    423.70262    423.70348
 8480    423.69384    423.69473
 8490    423.68487    423.68578
 8500    423.67572    423.67665
 8510    423.66634    423.66729
 8520    423.65679    423.65775
 8530    423.64709    423.64807
 8540    423.63720    423.63820
 8550    423.62738    423.62830
 8560    423.62015    423.62077
 8570    423.61402    423.61464
 8580    423.60789    423.60850
 8590    423.60174    423.60236
 8600    423.59553    423.59615
 8610    423.58924    423.58988
 8620    423.58288    423.58352
 8630    423.57646    423.57710
 8640    423.56995    423.57061
 8650    423.56336    423.56403
 8660    423.55671    423.55738
 8670    423.54995    423.55063
 8680    423.54310    423.54379
 8690    423.53614    423.53684
 8700    423.52910    423.52980
 8710    423.52197    423.52269
 8720    423.51473    423.51546
 8730    423.50736    423.50810
 8740    423.49987    423.50062
 8750    423.49227    423.49304
 8760    423.48452    423.48530
 8770    423.47661    423.47741
 8780    423.46853    423.46935
 8790    423.46027    423.46110
 8800    423.45190    423.45275
 8810    423.44337    423.44423
 8820    423.43462    423.43550
 8830    423.42587    423.42670
 8840    423.41882    423.41944
 8850    423.41275    423.41336
 8860    423.40664    423.40726
 8870    423.40047    423.40109
 8880    423.39421    423.39484
 8890    423.38788    423.38852
 8900    423.38146    423.38210
 8910    423.37499    423.37564
 8920    423.36843    423.36909
 8930    423.36176    423.36243
 8940    423.35499    423.35567
 8950    423.34810    423.34880
 8960    423.34110    423.34181
 8970    423.33397    423.33469
 8980    423.32670    423.32744
 8990    423.31930    423.32005
 9000    423.31173    423.31250
 9010    423.30409    423.30486
 9020    423.29636    423.29714
 9030    423.28849    423.28929
 9040    423.28045    423.28126
 9050    423.27221    423.27304
 9060    423.26376    423.26462
 9070    423.25512    423.25599
 9080    423.24742    423.24805
 9090    423.24163    423.24220
 9100    423.23594    423.23651
 9110    423.23019    423.23077
 9120    423.22436    423.22495
 9130    423.21847    423.21906
 9140    423.21249    423.21309
 9150    423.20644    423.20705
 9160    423.20030    423.20092
 9170    423.19407    423.19470
 9180    423.18774    423.18838
 9190    423.18131    423.18196
 9200    423.17478    423.17544
 9210    423.16814    423.16881
 9220    423.16137    423.16205
 9230    423.15448    423.15517
 9240    423.14745    423.14816
 9250    423.14028    423.14101
 9260    423.13297    423.13370
 9270    423.12553    423.12628
 9280    423.11793    423.11870
 9290    423.11015    423.11093
 9300    423.10227    423.10307
 9310    423.09419    423.09501
 9320    423.08588    423.08672
 9330    423.07748    423.07828
 9340    423.07122    423.07173
 9350    423.06613    423.06664
 9360    423.06101    423.06153
 9370    423.05584    423.05636
 9380    423.05062    423.05115
 9390    423.04535    423.04588
 9400    423.04001    423.04055
 9410    423.03462    423.03516
 9420    423.02916    423.02970
 9430    423.02363    423.02418
 9440    423.01803    423.01859
 9450    423.01236    423.01293
 9460    423.00661    423.00719
 9470    423.00078    423.00137
 9480    422.99486    422.99546
 9490    422.98885    422.98946
 9500    422.98275    422.98337
 9510    422.97654    422.97717
 9520    422.97023    422.97087
 9530    422.96380    422.96445
 9540    422.95725    422.95791
 9550    422.95059    422.95126
 9560    422.94380    422.94449
 9570    422.93688    422.93758
 9580    422.92983    422.93054
 9590    422.92261    422.92334
 9600    422.91521    422.91596
 9610    422.90762    422.90839
 9620    422.89990    422.90068
 9630    422.89211    422.89289
 9640    422.88532    422.88585
 9650    422.88040    422.88089
 9660    422.87555    422.87604
 9670    422.87066    422.87115
 9680    422.86571    422.86621
 9690    422.86071    422.86121
 9700    422.85566    422.85616
 9710    422.85054    422.85106
 9720    422.84537    422.84589
 9730    422.84013    422.84066
 9740    422.83483    422.83536
 9750    422.82948    422.83002
 9760    422.82406    422.82460
 9770    422.81856    422.81911
 9780    422.81298    422.81354
 9790    422.80732    422.80789
 9800    422.80156    422.80214
 9810    422.79571    422.79630
 9820    422.78976    422.79036
 9830    422.78372    422.78433
 9840    422.77757    422.77819
 9850    422.77011    422.77088
 9860    422.76232    422.76310
 9870    422.75439    422.75520
 9880    422.74636    422.74712
 9890    422.74080    422.74125
 9900    422.73639    422.73684
 9910    422.73195    422.73240
 9920    422.72747    422.72792
 9930    422.72295    422.72340
 9940    422.71838    422.71884
 9950    422.71378    422.71424
 9960    422.70914    422.70961
 9970    422.70446    422.70493
 9980    422.69973    422.70020
 9990    422.69494    422.69542
 10000    422.69009    422.69058
 10010    422.68520    422.68569
 10020    422.68024    422.68074
 10030    422.67522    422.67573
 10040    422.67014    422.67065
 10050    422.66499    422.66551
 10060    422.65976    422.66029
 10070    422.65446    422.65500
 10080    422.64908    422.64962
 10090    422.64361    422.64416
 10100    422.63805    422.63861
 10110    422.63239    422.63296
 10120    422.62663    422.62721
 10130    422.62075    422.62135
 10140    422.61476    422.61537
 10150    422.60864    422.60926
 10160    422.60239    422.60302
 10170    422.59599    422.59664
 10180    422.58945    422.59011
 10190    422.58276    422.58344
 10200    422.57599    422.57667
 10210    422.56904    422.56974
 10220    422.56198    422.56266
 10230    422.55673    422.55715
 10240    422.55261    422.55302
 10250    422.54846    422.54888
 10260    422.54431    422.54473
 10270    422.54011    422.54053
 10280    422.53588    422.53630
 10290    422.53161    422.53204
 10300    422.52729    422.52773
 10310    422.52294    422.52338
 10320    422.51855    422.51899
 10330    422.51411    422.51456
 10340    422.50962    422.51007
 10350    422.50508    422.50553
 10360    422.50049    422.50095
 10370    422.49584    422.49631
 10380    422.49114    422.49161
 10390    422.48637    422.48685
 10400    422.48153    422.48202
 10410    422.47663    422.47712
 10420    422.47165    422.47215
 10430    422.46660    422.46711
 10440    422.46146    422.46198
 10450    422.45623    422.45676
 10460    422.45091    422.45145
 10470    422.44550    422.44604
 10480    422.44000    422.44055
 10490    422.43440    422.43496
 10500    422.42868    422.42926
 10510    422.42284    422.42343
 10520    422.41687    422.41748
 10530    422.41076    422.41138
 10540    422.40449    422.40513
 10550    422.39806    422.39871
 10560    422.39163    422.39223
 10570    422.38712    422.38750
 10580    422.38327    422.38365
 10590    422.37992    422.38028
 10600    422.37628    422.37665
 10610    422.37261    422.37298
 10620    422.36892    422.36929
 10630    422.36521    422.36558
 10640    422.36146    422.36184
 10650    422.35770    422.35807
 10660    422.35390    422.35428
 10670    422.35008    422.35046
 10680    422.34622    422.34661
 10690    422.34234    422.34273
 10700    422.33843    422.33882
 10710    422.33451    422.33490
 10720    422.33056    422.33096
 10730    422.32658    422.32698
 10740    422.32257    422.32297
 10750    422.31850    422.31891
 10760    422.31439    422.31481
 10770    422.31024    422.31066
 10780    422.30604    422.30646
 10790    422.30179    422.30222
 10800    422.29752    422.29794
 10810    422.29320    422.29363
 10820    422.28882    422.28926
 10830    422.28439    422.28484
 10840    422.27989    422.28034
 10850    422.27533    422.27578
 10860    422.27069    422.27115
 10870    422.26598    422.26645
 10880    422.26120    422.26168
 10890    422.25634    422.25682
 10900    422.25139    422.25189
 10910    422.24636    422.24686
 10920    422.24123    422.24174
 10930    422.23599    422.23652
 10940    422.23064    422.23118
 10950    422.22517    422.22572
 10960    422.21957    422.22014
 10970    422.21384    422.21442
 10980    422.20843    422.20891
 10990    422.20529    422.20563
 11000    422.20188    422.20222
 11010    422.19844    422.19878
 11020    422.19499    422.19533
 11030    422.19151    422.19185
    STEEPEST DESCENT HAS CONVERGED
1 molecule converted
